Archive member included to satisfy reference by file (symbol)

c:/program files (x86)/eclipse foundation/eclipse cdt/gnu tools arm embedded/8 2018-q4-major/bin/../lib/gcc/arm-none-eabi/8.2.1/../../../../arm-none-eabi/lib/thumb/v6-m/nofp\libm.a(lib_a-sf_round.o)
                              ./Sources/delay.o (roundf)
c:/program files (x86)/eclipse foundation/eclipse cdt/gnu tools arm embedded/8 2018-q4-major/bin/../lib/gcc/arm-none-eabi/8.2.1/thumb/v6-m/nofp\libgcc.a(_udivsi3.o)
                              ./Startup_Code/mcg_lite.o (__aeabi_uidiv)
c:/program files (x86)/eclipse foundation/eclipse cdt/gnu tools arm embedded/8 2018-q4-major/bin/../lib/gcc/arm-none-eabi/8.2.1/thumb/v6-m/nofp\libgcc.a(_dvmd_tls.o)
                              c:/program files (x86)/eclipse foundation/eclipse cdt/gnu tools arm embedded/8 2018-q4-major/bin/../lib/gcc/arm-none-eabi/8.2.1/thumb/v6-m/nofp\libgcc.a(_udivsi3.o) (__aeabi_idiv0)
c:/program files (x86)/eclipse foundation/eclipse cdt/gnu tools arm embedded/8 2018-q4-major/bin/../lib/gcc/arm-none-eabi/8.2.1/thumb/v6-m/nofp\libgcc.a(_aeabi_uldivmod.o)
                              ./Sources/delay.o (__aeabi_uldivmod)
c:/program files (x86)/eclipse foundation/eclipse cdt/gnu tools arm embedded/8 2018-q4-major/bin/../lib/gcc/arm-none-eabi/8.2.1/thumb/v6-m/nofp\libgcc.a(_muldi3.o)
                              ./Sources/delay.o (__aeabi_lmul)
c:/program files (x86)/eclipse foundation/eclipse cdt/gnu tools arm embedded/8 2018-q4-major/bin/../lib/gcc/arm-none-eabi/8.2.1/thumb/v6-m/nofp\libgcc.a(_udivmoddi4.o)
                              c:/program files (x86)/eclipse foundation/eclipse cdt/gnu tools arm embedded/8 2018-q4-major/bin/../lib/gcc/arm-none-eabi/8.2.1/thumb/v6-m/nofp\libgcc.a(_aeabi_uldivmod.o) (__udivmoddi4)
c:/program files (x86)/eclipse foundation/eclipse cdt/gnu tools arm embedded/8 2018-q4-major/bin/../lib/gcc/arm-none-eabi/8.2.1/thumb/v6-m/nofp\libgcc.a(addsf3.o)
                              c:/program files (x86)/eclipse foundation/eclipse cdt/gnu tools arm embedded/8 2018-q4-major/bin/../lib/gcc/arm-none-eabi/8.2.1/../../../../arm-none-eabi/lib/thumb/v6-m/nofp\libm.a(lib_a-sf_round.o) (__aeabi_fadd)
c:/program files (x86)/eclipse foundation/eclipse cdt/gnu tools arm embedded/8 2018-q4-major/bin/../lib/gcc/arm-none-eabi/8.2.1/thumb/v6-m/nofp\libgcc.a(mulsf3.o)
                              ./Sources/delay.o (__aeabi_fmul)
c:/program files (x86)/eclipse foundation/eclipse cdt/gnu tools arm embedded/8 2018-q4-major/bin/../lib/gcc/arm-none-eabi/8.2.1/thumb/v6-m/nofp\libgcc.a(fixsfsi.o)
                              ./Sources/delay.o (__aeabi_f2iz)
c:/program files (x86)/eclipse foundation/eclipse cdt/gnu tools arm embedded/8 2018-q4-major/bin/../lib/gcc/arm-none-eabi/8.2.1/thumb/v6-m/nofp\libgcc.a(floatunsisf.o)
                              ./Sources/delay.o (__aeabi_ui2f)
c:/program files (x86)/eclipse foundation/eclipse cdt/gnu tools arm embedded/8 2018-q4-major/bin/../lib/gcc/arm-none-eabi/8.2.1/thumb/v6-m/nofp\libgcc.a(_clzsi2.o)
                              c:/program files (x86)/eclipse foundation/eclipse cdt/gnu tools arm embedded/8 2018-q4-major/bin/../lib/gcc/arm-none-eabi/8.2.1/thumb/v6-m/nofp\libgcc.a(addsf3.o) (__clzsi2)
c:/program files (x86)/eclipse foundation/eclipse cdt/gnu tools arm embedded/8 2018-q4-major/bin/../lib/gcc/arm-none-eabi/8.2.1/thumb/v6-m/nofp\libgcc.a(_clzdi2.o)
                              c:/program files (x86)/eclipse foundation/eclipse cdt/gnu tools arm embedded/8 2018-q4-major/bin/../lib/gcc/arm-none-eabi/8.2.1/thumb/v6-m/nofp\libgcc.a(_udivmoddi4.o) (__clzdi2)
c:/program files (x86)/eclipse foundation/eclipse cdt/gnu tools arm embedded/8 2018-q4-major/bin/../lib/gcc/arm-none-eabi/8.2.1/../../../../arm-none-eabi/lib/thumb/v6-m/nofp\libg_nano.a(lib_a-exit.o)
                              c:/program files (x86)/eclipse foundation/eclipse cdt/gnu tools arm embedded/8 2018-q4-major/bin/../lib/gcc/arm-none-eabi/8.2.1/../../../../arm-none-eabi/lib/thumb/v6-m/nofp/crt0.o (exit)
c:/program files (x86)/eclipse foundation/eclipse cdt/gnu tools arm embedded/8 2018-q4-major/bin/../lib/gcc/arm-none-eabi/8.2.1/../../../../arm-none-eabi/lib/thumb/v6-m/nofp\libg_nano.a(lib_a-impure.o)
                              c:/program files (x86)/eclipse foundation/eclipse cdt/gnu tools arm embedded/8 2018-q4-major/bin/../lib/gcc/arm-none-eabi/8.2.1/../../../../arm-none-eabi/lib/thumb/v6-m/nofp\libg_nano.a(lib_a-exit.o) (_global_impure_ptr)
c:/program files (x86)/eclipse foundation/eclipse cdt/gnu tools arm embedded/8 2018-q4-major/bin/../lib/gcc/arm-none-eabi/8.2.1/../../../../arm-none-eabi/lib/thumb/v6-m/nofp\libg_nano.a(lib_a-init.o)
                              c:/program files (x86)/eclipse foundation/eclipse cdt/gnu tools arm embedded/8 2018-q4-major/bin/../lib/gcc/arm-none-eabi/8.2.1/../../../../arm-none-eabi/lib/thumb/v6-m/nofp/crt0.o (__libc_init_array)
[...]
Memory Configuration

Name             Origin             Length             Attributes
aips             0x40000000         0x00080000         rw
gpio             0x400ff000         0x00001000         rw
bme              0x44000000         0x1c000000         rw
peripherals      0xe0000000         0x00100000         rw
mtb              0xf0000000         0x00001000         rw
mtbdwt           0xf0001000         0x00001000         rw
romTable         0xf0002000         0x00001000         rw
mcm              0xf0003000         0x00001000         rw
fgpio            0xf8000000         0x08000000         rw
bootROM          0x1c000000         0x00004000         xr
flash            0x00000000         0x00002000         xr
ram              0x1ffffe00         0x00000800         xrw
gdbGuard         0x20000600         0x00000020         r
*default*        0x00000000         0xffffffff

Linker script and memory map

LOAD c:/program files (x86)/eclipse foundation/eclipse cdt/gnu tools arm embedded/8 2018-q4-major/bin/../lib/gcc/arm-none-eabi/8.2.1/thumb/v6-m/nofp/crti.o
LOAD c:/program files (x86)/eclipse foundation/eclipse cdt/gnu tools arm embedded/8 2018-q4-major/bin/../lib/gcc/arm-none-eabi/8.2.1/thumb/v6-m/nofp/crtbegin.o
LOAD c:/program files (x86)/eclipse foundation/eclipse cdt/gnu tools arm embedded/8 2018-q4-major/bin/../lib/gcc/arm-none-eabi/8.2.1/../../../../arm-none-eabi/lib/thumb/v6-m/nofp/crt0.o
LOAD ./Startup_Code/console.o
LOAD ./Startup_Code/mcg_lite.o
LOAD ./Startup_Code/newlib_stubs.o
LOAD ./Startup_Code/rtc.o
LOAD ./Startup_Code/security.o
LOAD ./Startup_Code/startup_ARMLtdGCC.o
LOAD ./Startup_Code/system-gcc.o
LOAD ./Startup_Code/system.o
LOAD ./Startup_Code/vectors.o
LOAD ./Sources/delay.o
LOAD ./Sources/ftfa.o
LOAD ./Sources/hardware.o
LOAD ./Sources/i2c.o
LOAD ./Sources/main.o
LOAD ./Sources/spi.o
LOAD ./Sources/usbdmError.o
LOAD c:/program files (x86)/eclipse foundation/eclipse cdt/gnu tools arm embedded/8 2018-q4-major/bin/../lib/gcc/arm-none-eabi/8.2.1/../../../../arm-none-eabi/lib/thumb/v6-m/nofp\libstdc++_nano.a
LOAD c:/program files (x86)/eclipse foundation/eclipse cdt/gnu tools arm embedded/8 2018-q4-major/bin/../lib/gcc/arm-none-eabi/8.2.1/../../../../arm-none-eabi/lib/thumb/v6-m/nofp\libm.a
START GROUP
LOAD c:/program files (x86)/eclipse foundation/eclipse cdt/gnu tools arm embedded/8 2018-q4-major/bin/../lib/gcc/arm-none-eabi/8.2.1/thumb/v6-m/nofp\libgcc.a
LOAD c:/program files (x86)/eclipse foundation/eclipse cdt/gnu tools arm embedded/8 2018-q4-major/bin/../lib/gcc/arm-none-eabi/8.2.1/../../../../arm-none-eabi/lib/thumb/v6-m/nofp\libg_nano.a
LOAD c:/program files (x86)/eclipse foundation/eclipse cdt/gnu tools arm embedded/8 2018-q4-major/bin/../lib/gcc/arm-none-eabi/8.2.1/../../../../arm-none-eabi/lib/thumb/v6-m/nofp\libc_nano.a
END GROUP
START GROUP
LOAD c:/program files (x86)/eclipse foundation/eclipse cdt/gnu tools arm embedded/8 2018-q4-major/bin/../lib/gcc/arm-none-eabi/8.2.1/thumb/v6-m/nofp\libgcc.a
LOAD c:/program files (x86)/eclipse foundation/eclipse cdt/gnu tools arm embedded/8 2018-q4-major/bin/../lib/gcc/arm-none-eabi/8.2.1/../../../../arm-none-eabi/lib/thumb/v6-m/nofp\libc_nano.a
END GROUP
LOAD c:/program files (x86)/eclipse foundation/eclipse cdt/gnu tools arm embedded/8 2018-q4-major/bin/../lib/gcc/arm-none-eabi/8.2.1/thumb/v6-m/nofp/crtend.o
LOAD c:/program files (x86)/eclipse foundation/eclipse cdt/gnu tools arm embedded/8 2018-q4-major/bin/../lib/gcc/arm-none-eabi/8.2.1/thumb/v6-m/nofp/crtn.o
                0x00000200                __stack_size = 0x200
                0x00000200                __heap_size = 0x200
                0x00000200                PROVIDE (__stack_size__ = __stack_size)
                0x00000200                PROVIDE (__heap_size__ = __heap_size)
                [!provide]                PROVIDE (__HardReset = Reset_Handler)
                [!provide]                PROVIDE (_start = main)

.interrupts     0x00000000      0x410
                0x00000000                __flash_start = .
                0x00000000                __VECTOR_TABLE = .
 *(.interrupt_vectors)
 .interrupt_vectors
                0x00000000       0xc0 ./Startup_Code/vectors.o
                0x00000000                __vector_table
 *(.isr_vector)
                0x00000001                ASSERT ((. != __flash_start), No reset vector found)
                0x000000c0                __VECTOR_TABLE_END = .
                0x00000400                . = (__flash_start + 0x400)
 *fill*         0x000000c0      0x340 
 *(.security_information)
 .security_information
                0x00000400       0x10 ./Startup_Code/security.o
                0x00000400                securityInfo
 *(.FlashConfig)
                0x00000001                ASSERT ((. == (__flash_start + 0x410)), No Freescale security information)
                0x00000000                M_VECTOR_RAM_SIZE = DEFINED (__ram_vector_table__)?(__VECTOR_TABLE_END - __VECTOR_TABLE):0x0

.text           0x00000410     0x1030
 *(.text)
 .text          0x00000410       0x48 c:/program files (x86)/eclipse foundation/eclipse cdt/gnu tools arm embedded/8 2018-q4-major/bin/../lib/gcc/arm-none-eabi/8.2.1/thumb/v6-m/nofp/crtbegin.o
 .text          0x00000458       0x78 c:/program files (x86)/eclipse foundation/eclipse cdt/gnu tools arm embedded/8 2018-q4-major/bin/../lib/gcc/arm-none-eabi/8.2.1/../../../../arm-none-eabi/lib/thumb/v6-m/nofp/crt0.o
                0x00000458                _start
                0x00000458                _mainCRTStartup
 .text          0x000004d0       0x44 ./Startup_Code/startup_ARMLtdGCC.o
                0x000004d0                Reset_Handler
 .text          0x00000514      0x114 c:/program files (x86)/eclipse foundation/eclipse cdt/gnu tools arm embedded/8 2018-q4-major/bin/../lib/gcc/arm-none-eabi/8.2.1/thumb/v6-m/nofp\libgcc.a(_udivsi3.o)
                0x00000514                __aeabi_uidiv
                0x00000514                __udivsi3
                0x00000620                __aeabi_uidivmod
 .text          0x00000628        0x4 c:/program files (x86)/eclipse foundation/eclipse cdt/gnu tools arm embedded/8 2018-q4-major/bin/../lib/gcc/arm-none-eabi/8.2.1/thumb/v6-m/nofp\libgcc.a(_dvmd_tls.o)
                0x00000628                __aeabi_idiv0
                0x00000628                __aeabi_ldiv0
 *(.text*)
 .text._ZN5USBDML12setErrorCodeENS_9ErrorCodeE
                0x0000062c       0x20 ./Startup_Code/mcg_lite.o
 .text._ZN5USBDM7RtcInfo11enableClockEv
                0x0000064c       0x24 ./Startup_Code/mcg_lite.o
                0x0000064c                USBDM::RtcInfo::enableClock()
 .text._ZN5USBDM7McgInfo10getMcgPClkEv
                0x00000670       0x3c ./Startup_Code/mcg_lite.o
                0x00000670                USBDM::McgInfo::getMcgPClk()
 .text._ZN5USBDM7McgInfo10getLircClkEv
                0x000006ac       0x60 ./Startup_Code/mcg_lite.o
                0x000006ac                USBDM::McgInfo::getLircClk()
 .text._ZN5USBDM7McgInfo14getLircDiv1ClkEv
                0x0000070c       0x24 ./Startup_Code/mcg_lite.o
                0x0000070c                USBDM::McgInfo::getLircDiv1Clk()
 .text._ZN5USBDM7McgInfo14getMcgOutClockEv
                0x00000730       0x40 ./Startup_Code/mcg_lite.o
                0x00000730                USBDM::McgInfo::getMcgOutClock()
 .text._ZN5USBDM7SimInfo8initRegsEv
                0x00000770       0x48 ./Startup_Code/mcg_lite.o
                0x00000770                USBDM::SimInfo::initRegs()
 .text._ZN5USBDM3Mcg14setSysDividersEm
                0x000007b8       0x20 ./Startup_Code/mcg_lite.o
                0x000007b8                USBDM::Mcg::setSysDividers(unsigned long)
 .text._ZN5USBDM3Mcg10initialiseEv
                0x000007d8        0xe ./Startup_Code/mcg_lite.o
                0x000007d8                USBDM::Mcg::initialise()
 *fill*         0x000007e6        0x2 
 .text._ZN5USBDM3Mcg15clockTransitionERKNS_7McgInfo9ClockInfoE
                0x000007e8      0x21c ./Startup_Code/mcg_lite.o
                0x000007e8                USBDM::Mcg::clockTransition(USBDM::McgInfo::ClockInfo const&)
 .text._ZN5USBDM3Mcg21SystemCoreClockUpdateEv
                0x00000a04       0x74 ./Startup_Code/mcg_lite.o
                0x00000a04                USBDM::Mcg::SystemCoreClockUpdate()
 .text._ZN5USBDM3Mcg16defaultConfigureEv
                0x00000a78       0x28 ./Startup_Code/mcg_lite.o
                0x00000a78                USBDM::Mcg::defaultConfigure()
 .text.clock_initialise
                0x00000aa0       0x16 ./Startup_Code/mcg_lite.o
                0x00000aa0                clock_initialise
 .text._ZN5USBDM9OscBase_TINS_8Osc0InfoEE10initialiseEv
                0x00000ab6        0xe ./Startup_Code/mcg_lite.o
                0x00000ab6                USBDM::OscBase_T<USBDM::Osc0Info>::initialise()
 .text._ZN5USBDM9RtcBase_TINS_7RtcInfoEE10initialiseEv
                0x00000ac4        0xe ./Startup_Code/mcg_lite.o
                0x00000ac4                USBDM::RtcBase_T<USBDM::RtcInfo>::initialise()
 *fill*         0x00000ad2        0x2 
 .text._ZN5USBDM9OscBase_TINS_8Osc0InfoEE16defaultConfigureEv
                0x00000ad4       0x14 ./Startup_Code/mcg_lite.o
                0x00000ad4                USBDM::OscBase_T<USBDM::Osc0Info>::defaultConfigure()
 .text._ZN5USBDM9RtcBase_TINS_7RtcInfoEE16defaultConfigureEv
                0x00000ae8        0xe ./Startup_Code/mcg_lite.o
                0x00000ae8                USBDM::RtcBase_T<USBDM::RtcInfo>::defaultConfigure()
 .text._exit    0x00000af6        0xc ./Startup_Code/newlib_stubs.o
                0x00000af6                _exit
 .text.console_initialise
                0x00000b02        0xa ./Startup_Code/system.o
                0x00000b02                console_initialise
 .text.rtc_initialise
                0x00000b0c        0xa ./Startup_Code/system.o
                0x00000b0c                rtc_initialise
 .text.software_init_hook
                0x00000b16        0xa ./Startup_Code/system.o
                0x00000b16                software_init_hook
 .text.SystemInitLowLevel
                0x00000b20       0x30 ./Startup_Code/system.o
                0x00000b20                SystemInitLowLevel
 .text.SystemInit
                0x00000b50       0x1a ./Startup_Code/system.o
                0x00000b50                SystemInit
 *fill*         0x00000b6a        0x2 
 .text._ZN5USBDM9PmcBase_TINS_7PmcInfoEE11releasePinsEv
                0x00000b6c       0x1c ./Startup_Code/system.o
                0x00000b6c                USBDM::PmcBase_T<USBDM::PmcInfo>::releasePins()
 .text.Default_Handler
                0x00000b88       0x18 ./Startup_Code/vectors.o
                0x00000b88                RTC_Alarm_IRQHandler
                0x00000b88                I2C0_IRQHandler
                0x00000b88                SysTick_Handler
                0x00000b88                PendSV_Handler
                0x00000b88                NMI_Handler
                0x00000b88                LLWU_IRQHandler
                0x00000b88                ADC0_IRQHandler
                0x00000b88                PORTB_IRQHandler
                0x00000b88                RTC_Seconds_IRQHandler
                0x00000b88                Default_Handler
                0x00000b88                SVC_Handler
                0x00000b88                LPUART0_IRQHandler
                0x00000b88                PMC_IRQHandler
                0x00000b88                TPM1_IRQHandler
                0x00000b88                SPI0_IRQHandler
                0x00000b88                FTF_Command_IRQHandler
                0x00000b88                PORTA_IRQHandler
                0x00000b88                LPTMR0_IRQHandler
                0x00000b88                CMP0_IRQHandler
 .text.HardFault_Handler
                0x00000ba0       0x1e ./Startup_Code/vectors.o
                0x00000ba0                HardFault_Handler
 .text._HardFault_Handler
                0x00000bbe        0x4 ./Startup_Code/vectors.o
                0x00000bbe                _HardFault_Handler
 *fill*         0x00000bc2        0x2 
 .text._ZN5USBDML16enablePortClocksEm
                0x00000bc4       0x2c ./Sources/main.o
 .text._ZN5USBDM8Tpm0Info11enableClockEv
                0x00000bf0       0x24 ./Sources/main.o
                0x00000bf0                USBDM::Tpm0Info::enableClock()
 .text._ZN5USBDM8Tpm1Info11enableClockEv
                0x00000c14       0x24 ./Sources/main.o
                0x00000c14                USBDM::Tpm1Info::enableClock()
 .text._ZN5USBDM8Tpm1Info12disableClockEv
                0x00000c38       0x28 ./Sources/main.o
                0x00000c38                USBDM::Tpm1Info::disableClock()
 .text._ZN5USBDM9TpmBase_TINS_8Tpm0InfoEE10irqHandlerEv
                0x00000c60       0x64 ./Sources/main.o
                0x00000c60                USBDM::TpmBase_T<USBDM::Tpm0Info>::irqHandler()
 .text._Z12getRunButtonv
                0x00000cc4       0x24 ./Sources/main.o
                0x00000cc4                getRunButton()
 .text._Z11enableClockv
                0x00000ce8       0x1e ./Sources/main.o
                0x00000ce8                enableClock()
 .text.main     0x00000d06       0x5c ./Sources/main.o
                0x00000d06                main
 *fill*         0x00000d62        0x2 
 .text._ZN5USBDM9TpmBase_TINS_8Tpm0InfoEE7ChannelILi0EE18clearInterruptFlagEv
                0x00000d64       0x14 ./Sources/main.o
                0x00000d64                USBDM::TpmBase_T<USBDM::Tpm0Info>::Channel<0>::clearInterruptFlag()
 .text._ZN5USBDM10GpioBase_TILm1024ELm1074044928EL9IRQn_Type31ELm1074786368ELj4ELNS_8PolarityE1EE4readEv
                0x00000d78       0x10 ./Sources/main.o
                0x00000d78                USBDM::GpioBase_T<1024ul, 1074044928ul, (IRQn_Type)31, 1074786368ul, 4u, (USBDM::Polarity)1>::read()
 .text._ZN5USBDM9TpmBase_TINS_8Tpm1InfoEE16defaultConfigureEv
                0x00000d88       0x38 ./Sources/main.o
                0x00000d88                USBDM::TpmBase_T<USBDM::Tpm1Info>::defaultConfigure()
 .text._ZN5USBDM9TpmBase_TINS_8Tpm1InfoEE7ChannelILi1EE9setOutputENS_16PinDriveStrengthENS_12PinDriveModeENS_11PinSlewRateE
                0x00000dc0       0x52 ./Sources/main.o
                0x00000dc0                USBDM::TpmBase_T<USBDM::Tpm1Info>::Channel<1>::setOutput(USBDM::PinDriveStrength, USBDM::PinDriveMode, USBDM::PinSlewRate)
 .text._ZN5USBDM9TpmBase_TINS_8Tpm1InfoEE7ChannelILi1EE12setDutyCycleEi
                0x00000e12       0x1a ./Sources/main.o
                0x00000e12                USBDM::TpmBase_T<USBDM::Tpm1Info>::Channel<1>::setDutyCycle(int)
 .text._ZN5USBDM10GpioBase_TILm512ELm1074040832EL9IRQn_Type30ELm1074786304ELj5ELNS_8PolarityE1EE9setOutputENS_16PinDriveStrengthENS_12PinDriveModeENS_11PinSlewRateE
                0x00000e2c       0x40 ./Sources/main.o
                0x00000e2c                USBDM::GpioBase_T<512ul, 1074040832ul, (IRQn_Type)30, 1074786304ul, 5u, (USBDM::Polarity)1>::setOutput(USBDM::PinDriveStrength, USBDM::PinDriveMode, USBDM::PinSlewRate)
 .text._ZN5USBDM10GpioBase_TILm1024ELm1074044928EL9IRQn_Type31ELm1074786368ELj4ELNS_8PolarityE1EE8setInputENS_7PinPullENS_9PinActionENS_9PinFilterE
                0x00000e6c       0x38 ./Sources/main.o
                0x00000e6c                USBDM::GpioBase_T<1024ul, 1074044928ul, (IRQn_Type)31, 1074786368ul, 4u, (USBDM::Polarity)1>::setInput(USBDM::PinPull, USBDM::PinAction, USBDM::PinFilter)
 .text._ZN5USBDM9TpmBase_TINS_8Tpm0InfoEE16defaultConfigureEv
                0x00000ea4       0x38 ./Sources/main.o
                0x00000ea4                USBDM::TpmBase_T<USBDM::Tpm0Info>::defaultConfigure()
 .text._ZN5USBDM9TpmBase_TINS_8Tpm0InfoEE7ChannelILi0EE9configureENS_9TpmChModeENS_16TpmChannelActionE
                0x00000edc       0x30 ./Sources/main.o
                0x00000edc                USBDM::TpmBase_T<USBDM::Tpm0Info>::Channel<0>::configure(USBDM::TpmChMode, USBDM::TpmChannelAction)
 .text._ZN5USBDM9TpmBase_TINS_8Tpm1InfoEE7disableEv
                0x00000f0c       0x1c ./Sources/main.o
                0x00000f0c                USBDM::TpmBase_T<USBDM::Tpm1Info>::disable()
 .text._ZN5USBDM10GpioBase_TILm1024ELm1074044928EL9IRQn_Type31ELm1074786368ELj4ELNS_8PolarityE1EE6isHighEv
                0x00000f28       0x1c ./Sources/main.o
                0x00000f28                USBDM::GpioBase_T<1024ul, 1074044928ul, (IRQn_Type)31, 1074786368ul, 4u, (USBDM::Polarity)1>::isHigh()
 .text._ZN5USBDM9TpmBase_TINS_8Tpm1InfoEE6enableEv
                0x00000f44       0x12 ./Sources/main.o
                0x00000f44                USBDM::TpmBase_T<USBDM::Tpm1Info>::enable()
 .text._ZN5USBDM9TpmBase_TINS_8Tpm1InfoEE20enableNvicInterruptsEm
                0x00000f56       0x1c ./Sources/main.o
                0x00000f56                USBDM::TpmBase_T<USBDM::Tpm1Info>::enableNvicInterrupts(unsigned long)
 .text._ZN5USBDM7TpmBase15CheckPinMappingINS_8Tpm1InfoELi1EE5checkEv
                0x00000f72        0xa ./Sources/main.o
                0x00000f72                USBDM::TpmBase::CheckPinMapping<USBDM::Tpm1Info, 1>::check()
 .text._ZN5USBDM5Pcr_TILm1024ELm1074044928EL9IRQn_Type31ELi5ELm512EE6setPCREm
                0x00000f7c       0x24 ./Sources/main.o
                0x00000f7c                USBDM::Pcr_T<1024ul, 1074044928ul, (IRQn_Type)31, 5, 512ul>::setPCR(unsigned long)
 .text._ZN5USBDM9TpmBase_TINS_8Tpm1InfoEE12setDutyCycleEii
                0x00000fa0       0x70 ./Sources/main.o
                0x00000fa0                USBDM::TpmBase_T<USBDM::Tpm1Info>::setDutyCycle(int, int)
 .text._ZN5USBDM10GpioBase_TILm512ELm1074040832EL9IRQn_Type30ELm1074786304ELj5ELNS_8PolarityE1EE9setOutputEm
                0x00001010       0x30 ./Sources/main.o
                0x00001010                USBDM::GpioBase_T<512ul, 1074040832ul, (IRQn_Type)30, 1074786304ul, 5u, (USBDM::Polarity)1>::setOutput(unsigned long)
 .text._ZN5USBDM10GpioBase_TILm1024ELm1074044928EL9IRQn_Type31ELm1074786368ELj4ELNS_8PolarityE1EE8setInputEm
                0x00001040       0x2c ./Sources/main.o
                0x00001040                USBDM::GpioBase_T<1024ul, 1074044928ul, (IRQn_Type)31, 1074786368ul, 4u, (USBDM::Polarity)1>::setInput(unsigned long)
 .text._ZN5USBDM9TpmBase_TINS_8Tpm0InfoEE6enableEv
                0x0000106c       0x12 ./Sources/main.o
                0x0000106c                USBDM::TpmBase_T<USBDM::Tpm0Info>::enable()
 .text._ZN5USBDM9TpmBase_TINS_8Tpm0InfoEE20enableNvicInterruptsEm
                0x0000107e       0x1c ./Sources/main.o
                0x0000107e                USBDM::TpmBase_T<USBDM::Tpm0Info>::enableNvicInterrupts(unsigned long)
 .text._ZN5USBDM10GpioBase_TILm512ELm1074040832EL9IRQn_Type30ELm1074786304ELj5ELNS_8PolarityE1EE9setActiveEv
                0x0000109a        0xe ./Sources/main.o
                0x0000109a                USBDM::GpioBase_T<512ul, 1074040832ul, (IRQn_Type)30, 1074786304ul, 5u, (USBDM::Polarity)1>::setActive()
 .text._ZN5USBDM10GpioBase_TILm512ELm1074040832EL9IRQn_Type30ELm1074786304ELj5ELNS_8PolarityE1EE11setInactiveEv
                0x000010a8        0xe ./Sources/main.o
                0x000010a8                USBDM::GpioBase_T<512ul, 1074040832ul, (IRQn_Type)30, 1074786304ul, 5u, (USBDM::Polarity)1>::setInactive()
 *fill*         0x000010b6        0x2 
 .text._ZN5USBDM10GpioBase_TILm1024ELm1074044928EL9IRQn_Type31ELm1074786368ELj4ELNS_8PolarityE1EE4gpioEv
                0x000010b8       0x10 ./Sources/main.o
                0x000010b8                USBDM::GpioBase_T<1024ul, 1074044928ul, (IRQn_Type)31, 1074786368ul, 4u, (USBDM::Polarity)1>::gpio()
 .text._ZN5USBDM5Pcr_TILm1024ELm1074044928EL9IRQn_Type31ELi5ELm512EE6pcrRegEv
                0x000010c8       0x10 ./Sources/main.o
                0x000010c8                USBDM::Pcr_T<1024ul, 1074044928ul, (IRQn_Type)31, 5, 512ul>::pcrReg()
 .text._ZN5USBDM10GpioBase_TILm512ELm1074040832EL9IRQn_Type30ELm1074786304ELj5ELNS_8PolarityE1EE6setOutEv
                0x000010d8       0x18 ./Sources/main.o
                0x000010d8                USBDM::GpioBase_T<512ul, 1074040832ul, (IRQn_Type)30, 1074786304ul, 5u, (USBDM::Polarity)1>::setOut()
 .text._ZN5USBDM5Pcr_TILm512ELm1074040832EL9IRQn_Type30ELi5ELm256EE6setPCREm
                0x000010f0       0x24 ./Sources/main.o
                0x000010f0                USBDM::Pcr_T<512ul, 1074040832ul, (IRQn_Type)30, 5, 256ul>::setPCR(unsigned long)
 .text._ZN5USBDM10GpioBase_TILm1024ELm1074044928EL9IRQn_Type31ELm1074786368ELj4ELNS_8PolarityE1EE5setInEv
                0x00001114       0x18 ./Sources/main.o
                0x00001114                USBDM::GpioBase_T<1024ul, 1074044928ul, (IRQn_Type)31, 1074786368ul, 4u, (USBDM::Polarity)1>::setIn()
 .text._ZN5USBDM5Pcr_TILm1024ELm1074044928EL9IRQn_Type31ELi4ELm256EE6setPCREm
                0x0000112c       0x24 ./Sources/main.o
                0x0000112c                USBDM::Pcr_T<1024ul, 1074044928ul, (IRQn_Type)31, 4, 256ul>::setPCR(unsigned long)
 .text._ZN5USBDM10GpioBase_TILm512ELm1074040832EL9IRQn_Type30ELm1074786304ELj5ELNS_8PolarityE1EE3setEv
                0x00001150       0x14 ./Sources/main.o
                0x00001150                USBDM::GpioBase_T<512ul, 1074040832ul, (IRQn_Type)30, 1074786304ul, 5u, (USBDM::Polarity)1>::set()
 .text._ZN5USBDM10GpioBase_TILm512ELm1074040832EL9IRQn_Type30ELm1074786304ELj5ELNS_8PolarityE1EE5clearEv
                0x00001164       0x14 ./Sources/main.o
                0x00001164                USBDM::GpioBase_T<512ul, 1074040832ul, (IRQn_Type)30, 1074786304ul, 5u, (USBDM::Polarity)1>::clear()
 .text._ZN5USBDM10GpioBase_TILm512ELm1074040832EL9IRQn_Type30ELm1074786304ELj5ELNS_8PolarityE1EE4gpioEv
                0x00001178       0x10 ./Sources/main.o
                0x00001178                USBDM::GpioBase_T<512ul, 1074040832ul, (IRQn_Type)30, 1074786304ul, 5u, (USBDM::Polarity)1>::gpio()
 .text._ZN5USBDM5Pcr_TILm512ELm1074040832EL9IRQn_Type30ELi5ELm256EE6pcrRegEv
                0x00001188       0x10 ./Sources/main.o
                0x00001188                USBDM::Pcr_T<512ul, 1074040832ul, (IRQn_Type)30, 5, 256ul>::pcrReg()
 .text._ZN5USBDM5Pcr_TILm1024ELm1074044928EL9IRQn_Type31ELi4ELm256EE6pcrRegEv
                0x00001198       0x10 ./Sources/main.o
                0x00001198                USBDM::Pcr_T<1024ul, 1074044928ul, (IRQn_Type)31, 4, 256ul>::pcrReg()
 .text.NVIC_EnableIRQ
                0x000011a8       0x2c ./Sources/usbdmError.o
 .text.NVIC_ClearPendingIRQ
                0x000011d4       0x30 ./Sources/usbdmError.o
 .text.NVIC_SetPriority
                0x00001204       0xec ./Sources/usbdmError.o
 .text.cpp_initialise
                0x000012f0        0xa ./Sources/usbdmError.o
                0x000012f0                cpp_initialise
 .text._ZN5USBDM19enableNvicInterruptE9IRQn_Typem
                0x000012fa       0x3e ./Sources/usbdmError.o
                0x000012fa                USBDM::enableNvicInterrupt(IRQn_Type, unsigned long)
 .text.exit     0x00001338       0x2c c:/program files (x86)/eclipse foundation/eclipse cdt/gnu tools arm embedded/8 2018-q4-major/bin/../lib/gcc/arm-none-eabi/8.2.1/../../../../arm-none-eabi/lib/thumb/v6-m/nofp\libg_nano.a(lib_a-exit.o)
                0x00001338                exit
 .text.__libc_init_array
                0x00001364       0x48 c:/program files (x86)/eclipse foundation/eclipse cdt/gnu tools arm embedded/8 2018-q4-major/bin/../lib/gcc/arm-none-eabi/8.2.1/../../../../arm-none-eabi/lib/thumb/v6-m/nofp\libg_nano.a(lib_a-init.o)
                0x00001364                __libc_init_array
 .text.memset   0x000013ac       0x10 c:/program files (x86)/eclipse foundation/eclipse cdt/gnu tools arm embedded/8 2018-q4-major/bin/../lib/gcc/arm-none-eabi/8.2.1/../../../../arm-none-eabi/lib/thumb/v6-m/nofp\libg_nano.a(lib_a-memset.o)
                0x000013ac                memset
 *(.rodata)
 *(.rodata*)
 .rodata._ZN5USBDM3Mcg9clockInfoE
                0x000013bc       0x30 ./Startup_Code/mcg_lite.o
                0x000013bc                USBDM::Mcg::clockInfo
 .rodata._ZN5USBDML20clockTransitionTableE
                0x000013ec       0x10 ./Startup_Code/mcg_lite.o
 .rodata._ZN5USBDM3Mcg15clockTransitionERKNS_7McgInfo9ClockInfoE
                0x000013fc       0x14 ./Startup_Code/mcg_lite.o
 .rodata._global_impure_ptr
                0x00001410        0x4 c:/program files (x86)/eclipse foundation/eclipse cdt/gnu tools arm embedded/8 2018-q4-major/bin/../lib/gcc/arm-none-eabi/8.2.1/../../../../arm-none-eabi/lib/thumb/v6-m/nofp\libg_nano.a(lib_a-impure.o)
                0x00001410                _global_impure_ptr
 *(.init)
 .init          0x00001414        0x4 c:/program files (x86)/eclipse foundation/eclipse cdt/gnu tools arm embedded/8 2018-q4-major/bin/../lib/gcc/arm-none-eabi/8.2.1/thumb/v6-m/nofp/crti.o
                0x00001414                _init
 .init          0x00001418        0x8 c:/program files (x86)/eclipse foundation/eclipse cdt/gnu tools arm embedded/8 2018-q4-major/bin/../lib/gcc/arm-none-eabi/8.2.1/thumb/v6-m/nofp/crtn.o
 *(.fini)
 .fini          0x00001420        0x4 c:/program files (x86)/eclipse foundation/eclipse cdt/gnu tools arm embedded/8 2018-q4-major/bin/../lib/gcc/arm-none-eabi/8.2.1/thumb/v6-m/nofp/crti.o
                0x00001420                _fini
 .fini          0x00001424        0x8 c:/program files (x86)/eclipse foundation/eclipse cdt/gnu tools arm embedded/8 2018-q4-major/bin/../lib/gcc/arm-none-eabi/8.2.1/thumb/v6-m/nofp/crtn.o
                0x0000142c                __CTOR_LIST__ = .
 *crtbegin.o(.ctors)
 *crtbegin?.o(.ctors)
 *(EXCLUDE_FILE(*crtend.o *crtend?.o) .ctors)
 *(SORT_BY_NAME(.ctors.*))
 *(.ctors)
                0x0000142c                __CTOR_END__ = .
                0x0000142c                __DTOR_LIST__ = .
 *crtbegin.o(.dtors)
 *crtbegin?.o(.dtors)
 *(EXCLUDE_FILE(*crtend.o *crtend?.o) .dtors)
 *(SORT_BY_NAME(.dtors.*))
 *(.dtors)
                0x0000142c                __DTOR_END__ = .
                0x0000142c                . = ALIGN (0x4)
                0x0000142c                PROVIDE (__preinit_array_start = .)
 *(.preinit_array*)
                0x0000142c                PROVIDE (__preinit_array_end = .)
                0x0000142c                . = ALIGN (0x4)
                0x0000142c                PROVIDE (__init_array_start = .)
 *(SORT_BY_NAME(.init_array.*))
 *(.init_array*)
 .init_array    0x0000142c        0x4 c:/program files (x86)/eclipse foundation/eclipse cdt/gnu tools arm embedded/8 2018-q4-major/bin/../lib/gcc/arm-none-eabi/8.2.1/thumb/v6-m/nofp/crtbegin.o
 .init_array    0x00001430        0x4 ./Startup_Code/system.o
 .init_array    0x00001434        0x4 ./Sources/usbdmError.o
                0x00001438                PROVIDE (__init_array_end = .)
                0x00001438                . = ALIGN (0x4)
                [!provide]                PROVIDE (__fini_array_start = .)
 *(SORT_BY_NAME(.fini_array.*))
 *(.fini_array*)
 .fini_array    0x00001438        0x4 c:/program files (x86)/eclipse foundation/eclipse cdt/gnu tools arm embedded/8 2018-q4-major/bin/../lib/gcc/arm-none-eabi/8.2.1/thumb/v6-m/nofp/crtbegin.o
                [!provide]                PROVIDE (__fini_array_end = .)
 *(.jcr*)
 *(.rodata*)
 *(.eh_frame*)
 .eh_frame      0x0000143c        0x0 c:/program files (x86)/eclipse foundation/eclipse cdt/gnu tools arm embedded/8 2018-q4-major/bin/../lib/gcc/arm-none-eabi/8.2.1/thumb/v6-m/nofp/crtbegin.o
 .eh_frame      0x0000143c        0x4 c:/program files (x86)/eclipse foundation/eclipse cdt/gnu tools arm embedded/8 2018-q4-major/bin/../lib/gcc/arm-none-eabi/8.2.1/thumb/v6-m/nofp/crtend.o

.glue_7         0x00001440        0x0
 .glue_7        0x00001440        0x0 linker stubs

.glue_7t        0x00001440        0x0
 .glue_7t       0x00001440        0x0 linker stubs

.vfp11_veneer   0x00001440        0x0
 .vfp11_veneer  0x00001440        0x0 linker stubs

.v4_bx          0x00001440        0x0
 .v4_bx         0x00001440        0x0 linker stubs

.iplt           0x00001440        0x0
 .iplt          0x00001440        0x0 c:/program files (x86)/eclipse foundation/eclipse cdt/gnu tools arm embedded/8 2018-q4-major/bin/../lib/gcc/arm-none-eabi/8.2.1/thumb/v6-m/nofp/crtbegin.o

.ARM.extab
 *(.ARM.extab* .gnu.linkonce.armextab.*)
                0x00001440                __exidx_start = .

.ARM.exidx      0x00001440        0x8
 *(.ARM.exidx* .gnu.linkonce.armexidx.*)
 .ARM.exidx     0x00001440        0x8 c:/program files (x86)/eclipse foundation/eclipse cdt/gnu tools arm embedded/8 2018-q4-major/bin/../lib/gcc/arm-none-eabi/8.2.1/../../../../arm-none-eabi/lib/thumb/v6-m/nofp/crt0.o
                0x00001448                __exidx_end = .

.rel.dyn        0x00001448        0x0
 .rel.iplt      0x00001448        0x0 c:/program files (x86)/eclipse foundation/eclipse cdt/gnu tools arm embedded/8 2018-q4-major/bin/../lib/gcc/arm-none-eabi/8.2.1/thumb/v6-m/nofp/crtbegin.o

.flash          0x00001448        0x0
                0x00001448                . = ALIGN (0x4)
 *(.flash)
                0x00001448                __etext = .
                0x00001448                __DATA_ROM = .

.mtb            0x1ffffe00        0x0
                0x1ffffe00                . = ALIGN (0x8)
                0x1ffffe00                _mtb_start = .
 *(.mtb_buf)
                0x1ffffe00                . = ALIGN (0x8)
                0x1ffffe00                _mtb_end = .

.interrupts_ram
                0x1ffffe00        0x0
                0x1ffffe00                . = ALIGN (0x4)
                0x1ffffe00                __VECTOR_RAM__ = .
                0x1ffffe00                __interrupts_ram_start__ = .
 *(.m_interrupts_ram)
                0x1ffffe00                . = (. + M_VECTOR_RAM_SIZE)
                0x1ffffe00                . = ALIGN (0x4)
                0x1ffffe00                __interrupts_ram_end__ = .
                0x00000000                __VECTOR_RAM = DEFINED (__ram_vector_table__)?__VECTOR_RAM__:__VECTOR_TABLE
                0x00000000                __RAM_VECTOR_TABLE_SIZE_BYTES = (__interrupts_ram_end__ - __interrupts_ram_start__)

.bdts
 *(.bss*endPointBdts*)

.data           0x1ffffe00       0x68 load address 0x00001448
                0x1ffffe00                __data_start__ = .
                0x1ffffe00                __DATA_RAM = .
 *(vtable)
 *(.data*)
 .data.SystemCoreClock
                0x1ffffe00        0x4 ./Startup_Code/system.o
                0x1ffffe00                SystemCoreClock
 .data.SystemBusClock
                0x1ffffe04        0x4 ./Startup_Code/system.o
                0x1ffffe04                SystemBusClock
 .data.impure_data
                0x1ffffe08       0x60 c:/program files (x86)/eclipse foundation/eclipse cdt/gnu tools arm embedded/8 2018-q4-major/bin/../lib/gcc/arm-none-eabi/8.2.1/../../../../arm-none-eabi/lib/thumb/v6-m/nofp\libg_nano.a(lib_a-impure.o)
                0x1ffffe68                . = ALIGN (0x4)
                0x1ffffe68                __data_end__ = .
                0x000014b0                __DATA_END = (__DATA_ROM + SIZEOF (.data))

.igot.plt       0x1ffffe68        0x0 load address 0x000014b0
 .igot.plt      0x1ffffe68        0x0 c:/program files (x86)/eclipse foundation/eclipse cdt/gnu tools arm embedded/8 2018-q4-major/bin/../lib/gcc/arm-none-eabi/8.2.1/thumb/v6-m/nofp/crtbegin.o

.noinit         0x1ffffe68        0x0
                0x1ffffe68                . = ALIGN (0x4)
 *(.noinit)

.bss            0x1ffffe68       0x30 load address 0x000014b0
                0x1ffffe68                . = ALIGN (0x4)
                0x1ffffe68                __START_BSS = .
                0x1ffffe68                __bss_start__ = .
 *(.bss)
 .bss           0x1ffffe68       0x1c c:/program files (x86)/eclipse foundation/eclipse cdt/gnu tools arm embedded/8 2018-q4-major/bin/../lib/gcc/arm-none-eabi/8.2.1/thumb/v6-m/nofp/crtbegin.o
 *(.bss*)
 .bss._ZN5USBDM17SystemMcgOutClockE
                0x1ffffe84        0x4 ./Startup_Code/mcg_lite.o
                0x1ffffe84                USBDM::SystemMcgOutClock
 .bss._ZN5USBDM14SystemLpoClockE
                0x1ffffe88        0x4 ./Startup_Code/mcg_lite.o
                0x1ffffe88                USBDM::SystemLpoClock
 .bss._ZN5USBDM3Mcg16currentClockModeE
                0x1ffffe8c        0x1 ./Startup_Code/mcg_lite.o
                0x1ffffe8c                USBDM::Mcg::currentClockMode
 .bss._ZL9toggleRun
                0x1ffffe8d        0x1 ./Sources/main.o
 .bss._ZZN5USBDM9TpmBase_TINS_8Tpm0InfoEE10irqHandlerEvE13lastRunButton
                0x1ffffe8e        0x1 ./Sources/main.o
 *fill*         0x1ffffe8f        0x1 
 .bss._ZZN5USBDM9TpmBase_TINS_8Tpm0InfoEE10irqHandlerEvE11stableCount
                0x1ffffe90        0x4 ./Sources/main.o
 .bss._ZN5USBDM9errorCodeE
                0x1ffffe94        0x4 ./Sources/usbdmError.o
                0x1ffffe94                USBDM::errorCode
 *(COMMON)
                0x1ffffe98                . = ALIGN (0x4)
                0x1ffffe98                __bss_end__ = .
                0x1ffffe98                __END_BSS = .

.heap           0x1ffffe98      0x200 load address 0x000014e0
                0x1ffffe98                . = ALIGN (0x4)
                [!provide]                PROVIDE (__end__ = .)
                [!provide]                PROVIDE (end = .)
                [!provide]                PROVIDE (_end = .)
                0x1ffffe98                __HeapBase = .
                0x1ffffe98                __heap_addr = .
                0x20000098                . = (. + __heap_size__)
 *fill*         0x1ffffe98      0x200 
                0x00000000                PROVIDE (__sram_u_size = 0x0)

.stack          0x20000098      0x568 load address 0x000016e0
                0x200003fd                . = MAX (., ABSOLUTE (((((ORIGIN (ram) + LENGTH (ram)) - __stack_size__) - __sram_u_size) - 0x3)))
 *fill*         0x20000098      0x365 
                0x20000400                . = ALIGN (0x4)
 *fill*         0x200003fd        0x3 
                0x20000400                __HeapLimit = .
                0x20000400                __StackLimit = .
                0x20000600                . = (. + __stack_size__)
 *fill*         0x20000400      0x200 
                0x20000600                __StackTop = .
                0x20000600                PROVIDE (__stack = __StackTop)
                [!provide]                PROVIDE (__cs3_stack = __StackTop)
                [!provide]                PROVIDE (_write = _usbdm_write)
                [!provide]                PROVIDE (_read = _usbdm_read)
OUTPUT(CPLD_Tester_MKL03.elf elf32-littlearm)

.ARM.attributes
                0x00000000       0x28
 .ARM.attributes
                0x00000000       0x1e c:/program files (x86)/eclipse foundation/eclipse cdt/gnu tools arm embedded/8 2018-q4-major/bin/../lib/gcc/arm-none-eabi/8.2.1/thumb/v6-m/nofp/crti.o
 .ARM.attributes
                0x0000001e       0x2c c:/program files (x86)/eclipse foundation/eclipse cdt/gnu tools arm embedded/8 2018-q4-major/bin/../lib/gcc/arm-none-eabi/8.2.1/thumb/v6-m/nofp/crtbegin.o
 .ARM.attributes
                0x0000004a       0x1b c:/program files (x86)/eclipse foundation/eclipse cdt/gnu tools arm embedded/8 2018-q4-major/bin/../lib/gcc/arm-none-eabi/8.2.1/../../../../arm-none-eabi/lib/thumb/v6-m/nofp/crt0.o
 .ARM.attributes
                0x00000065       0x2c ./Startup_Code/mcg_lite.o
 .ARM.attributes
                0x00000091       0x2c ./Startup_Code/newlib_stubs.o
 .ARM.attributes
                0x000000bd       0x32 ./Startup_Code/security.o
 .ARM.attributes
                0x000000ef       0x1b ./Startup_Code/startup_ARMLtdGCC.o
 .ARM.attributes
                0x0000010a       0x2c ./Startup_Code/system.o
 .ARM.attributes
                0x00000136       0x2c ./Startup_Code/vectors.o
 .ARM.attributes
                0x00000162       0x2c ./Sources/main.o
 .ARM.attributes
                0x0000018e       0x2c ./Sources/usbdmError.o
 .ARM.attributes
                0x000001ba       0x1e c:/program files (x86)/eclipse foundation/eclipse cdt/gnu tools arm embedded/8 2018-q4-major/bin/../lib/gcc/arm-none-eabi/8.2.1/thumb/v6-m/nofp\libgcc.a(_udivsi3.o)
 .ARM.attributes
                0x000001d8       0x1e c:/program files (x86)/eclipse foundation/eclipse cdt/gnu tools arm embedded/8 2018-q4-major/bin/../lib/gcc/arm-none-eabi/8.2.1/thumb/v6-m/nofp\libgcc.a(_dvmd_tls.o)
 .ARM.attributes
                0x000001f6       0x2c c:/program files (x86)/eclipse foundation/eclipse cdt/gnu tools arm embedded/8 2018-q4-major/bin/../lib/gcc/arm-none-eabi/8.2.1/../../../../arm-none-eabi/lib/thumb/v6-m/nofp\libg_nano.a(lib_a-exit.o)
 .ARM.attributes
                0x00000222       0x2c c:/program files (x86)/eclipse foundation/eclipse cdt/gnu tools arm embedded/8 2018-q4-major/bin/../lib/gcc/arm-none-eabi/8.2.1/../../../../arm-none-eabi/lib/thumb/v6-m/nofp\libg_nano.a(lib_a-impure.o)
 .ARM.attributes
                0x0000024e       0x2c c:/program files (x86)/eclipse foundation/eclipse cdt/gnu tools arm embedded/8 2018-q4-major/bin/../lib/gcc/arm-none-eabi/8.2.1/../../../../arm-none-eabi/lib/thumb/v6-m/nofp\libg_nano.a(lib_a-init.o)
 .ARM.attributes
                0x0000027a       0x2c c:/program files (x86)/eclipse foundation/eclipse cdt/gnu tools arm embedded/8 2018-q4-major/bin/../lib/gcc/arm-none-eabi/8.2.1/../../../../arm-none-eabi/lib/thumb/v6-m/nofp\libg_nano.a(lib_a-memset.o)
 .ARM.attributes
                0x000002a6       0x2c c:/program files (x86)/eclipse foundation/eclipse cdt/gnu tools arm embedded/8 2018-q4-major/bin/../lib/gcc/arm-none-eabi/8.2.1/thumb/v6-m/nofp/crtend.o
 .ARM.attributes
                0x000002d2       0x1e c:/program files (x86)/eclipse foundation/eclipse cdt/gnu tools arm embedded/8 2018-q4-major/bin/../lib/gcc/arm-none-eabi/8.2.1/thumb/v6-m/nofp/crtn.o

.comment        0x00000000       0x75
 .comment       0x00000000       0x75 ./Startup_Code/mcg_lite.o
                                 0x76 (size before relaxing)
 .comment       0x00000075       0x76 ./Startup_Code/newlib_stubs.o
 .comment       0x00000075       0x76 ./Startup_Code/security.o
 .comment       0x00000075       0x76 ./Startup_Code/system.o
 .comment       0x00000075       0x76 ./Startup_Code/vectors.o
 .comment       0x00000075       0x76 ./Sources/main.o
 .comment       0x00000075       0x76 ./Sources/usbdmError.o

.debug_info     0x00000000    0x37e37
 .debug_info    0x00000000     0xa76f ./Startup_Code/mcg_lite.o
 .debug_info    0x0000a76f     0x1071 ./Startup_Code/newlib_stubs.o
 .debug_info    0x0000b7e0      0xb50 ./Startup_Code/security.o
 .debug_info    0x0000c330       0x26 ./Startup_Code/startup_ARMLtdGCC.o
 .debug_info    0x0000c356     0xa125 ./Startup_Code/system.o
 .debug_info    0x0001647b     0xa83b ./Startup_Code/vectors.o
 .debug_info    0x00020cb6     0xd0af ./Sources/main.o
 .debug_info    0x0002dd65     0xa0d2 ./Sources/usbdmError.o

.debug_abbrev   0x00000000     0x3515
 .debug_abbrev  0x00000000      0xa7b ./Startup_Code/mcg_lite.o
 .debug_abbrev  0x00000a7b      0x328 ./Startup_Code/newlib_stubs.o
 .debug_abbrev  0x00000da3      0x1c7 ./Startup_Code/security.o
 .debug_abbrev  0x00000f6a       0x14 ./Startup_Code/startup_ARMLtdGCC.o
 .debug_abbrev  0x00000f7e      0x88a ./Startup_Code/system.o
 .debug_abbrev  0x00001808      0x96c ./Startup_Code/vectors.o
 .debug_abbrev  0x00002174      0xaca ./Sources/main.o
 .debug_abbrev  0x00002c3e      0x8d7 ./Sources/usbdmError.o

.debug_aranges  0x00000000      0x3f8
 .debug_aranges
                0x00000000       0xa8 ./Startup_Code/mcg_lite.o
 .debug_aranges
                0x000000a8       0xb8 ./Startup_Code/newlib_stubs.o
 .debug_aranges
                0x00000160       0x18 ./Startup_Code/security.o
 .debug_aranges
                0x00000178       0x20 ./Startup_Code/startup_ARMLtdGCC.o
 .debug_aranges
                0x00000198       0x58 ./Startup_Code/system.o
 .debug_aranges
                0x000001f0       0x50 ./Startup_Code/vectors.o
 .debug_aranges
                0x00000240      0x160 ./Sources/main.o
 .debug_aranges
                0x000003a0       0x58 ./Sources/usbdmError.o

.debug_ranges   0x00000000      0x360
 .debug_ranges  0x00000000       0x98 ./Startup_Code/mcg_lite.o
 .debug_ranges  0x00000098       0xa8 ./Startup_Code/newlib_stubs.o
 .debug_ranges  0x00000140       0x48 ./Startup_Code/system.o
 .debug_ranges  0x00000188       0x40 ./Startup_Code/vectors.o
 .debug_ranges  0x000001c8      0x150 ./Sources/main.o
 .debug_ranges  0x00000318       0x48 ./Sources/usbdmError.o

.debug_macro    0x00000000     0x3962
 .debug_macro   0x00000000      0x4e0 ./Startup_Code/mcg_lite.o
 .debug_macro   0x000004e0       0x58 ./Startup_Code/mcg_lite.o
 .debug_macro   0x00000538       0x94 ./Startup_Code/mcg_lite.o
 .debug_macro   0x000005cc       0x57 ./Startup_Code/mcg_lite.o
 .debug_macro   0x00000623       0x10 ./Startup_Code/mcg_lite.o
 .debug_macro   0x00000633       0x52 ./Startup_Code/mcg_lite.o
 .debug_macro   0x00000685       0x16 ./Startup_Code/mcg_lite.o
 .debug_macro   0x0000069b       0x52 ./Startup_Code/mcg_lite.o
 .debug_macro   0x000006ed      0x1a3 ./Startup_Code/newlib_stubs.o
 .debug_macro   0x00000890      0xa72 ./Startup_Code/newlib_stubs.o
 .debug_macro   0x00001302       0x10 ./Startup_Code/newlib_stubs.o
 .debug_macro   0x00001312       0x5c ./Startup_Code/newlib_stubs.o
 .debug_macro   0x0000136e       0x34 ./Startup_Code/newlib_stubs.o
 .debug_macro   0x000013a2      0x174 ./Startup_Code/newlib_stubs.o
 .debug_macro   0x00001516       0x43 ./Startup_Code/newlib_stubs.o
 .debug_macro   0x00001559      0x23b ./Startup_Code/newlib_stubs.o
 .debug_macro   0x00001794      0x339 ./Startup_Code/newlib_stubs.o
 .debug_macro   0x00001acd       0x10 ./Startup_Code/newlib_stubs.o
 .debug_macro   0x00001add       0x35 ./Startup_Code/newlib_stubs.o
 .debug_macro   0x00001b12       0x10 ./Startup_Code/newlib_stubs.o
 .debug_macro   0x00001b22       0x10 ./Startup_Code/newlib_stubs.o
 .debug_macro   0x00001b32       0x10 ./Startup_Code/newlib_stubs.o
 .debug_macro   0x00001b42       0xb6 ./Startup_Code/newlib_stubs.o
 .debug_macro   0x00001bf8       0x2e ./Startup_Code/newlib_stubs.o
 .debug_macro   0x00001c26       0xf5 ./Startup_Code/newlib_stubs.o
 .debug_macro   0x00001d1b       0x16 ./Startup_Code/newlib_stubs.o
 .debug_macro   0x00001d31      0x4fe ./Startup_Code/newlib_stubs.o
 .debug_macro   0x0000222f      0x19d ./Startup_Code/security.o
 .debug_macro   0x000023cc       0x56 ./Startup_Code/security.o
 .debug_macro   0x00002422       0x2e ./Startup_Code/security.o
 .debug_macro   0x00002450      0x329 ./Startup_Code/security.o
 .debug_macro   0x00002779      0x479 ./Startup_Code/system.o
 .debug_macro   0x00002bf2      0x49a ./Startup_Code/vectors.o
 .debug_macro   0x0000308c      0x46b ./Sources/main.o
 .debug_macro   0x000034f7      0x46b ./Sources/usbdmError.o

.debug_line     0x00000000     0x5238
 .debug_line    0x00000000     0x1099 ./Startup_Code/mcg_lite.o
 .debug_line    0x00001099      0x617 ./Startup_Code/newlib_stubs.o
 .debug_line    0x000016b0      0x3e2 ./Startup_Code/security.o
 .debug_line    0x00001a92       0x76 ./Startup_Code/startup_ARMLtdGCC.o
 .debug_line    0x00001b08      0xc3c ./Startup_Code/system.o
 .debug_line    0x00002744      0xca1 ./Startup_Code/vectors.o
 .debug_line    0x000033e5     0x11a8 ./Sources/main.o
 .debug_line    0x0000458d      0xcab ./Sources/usbdmError.o

.debug_str      0x00000000    0x352fd
 .debug_str     0x00000000    0x29940 ./Startup_Code/mcg_lite.o
                              0x29f37 (size before relaxing)
 .debug_str     0x00029940     0x1fa6 ./Startup_Code/newlib_stubs.o
                               0x87a1 (size before relaxing)
 .debug_str     0x0002b8e6      0x2f3 ./Startup_Code/security.o
                              0x18d86 (size before relaxing)
 .debug_str     0x0002bbd9       0x33 ./Startup_Code/startup_ARMLtdGCC.o
                                 0x89 (size before relaxing)
 .debug_str     0x0002bc0c      0x7a3 ./Startup_Code/system.o
                              0x29ae9 (size before relaxing)
 .debug_str     0x0002c3af     0x1305 ./Startup_Code/vectors.o
                              0x2a716 (size before relaxing)
 .debug_str     0x0002d6b4     0x7adc ./Sources/main.o
                              0x3200b (size before relaxing)
 .debug_str     0x00035190      0x16d ./Sources/usbdmError.o
                              0x294b2 (size before relaxing)

.debug_frame    0x00000000      0xcc4
 .debug_frame   0x00000000      0x218 ./Startup_Code/mcg_lite.o
 .debug_frame   0x00000218      0x284 ./Startup_Code/newlib_stubs.o
 .debug_frame   0x0000049c       0xf0 ./Startup_Code/system.o
 .debug_frame   0x0000058c       0xcc ./Startup_Code/vectors.o
 .debug_frame   0x00000658      0x4d0 ./Sources/main.o
 .debug_frame   0x00000b28      0x108 ./Sources/usbdmError.o
 .debug_frame   0x00000c30       0x20 c:/program files (x86)/eclipse foundation/eclipse cdt/gnu tools arm embedded/8 2018-q4-major/bin/../lib/gcc/arm-none-eabi/8.2.1/thumb/v6-m/nofp\libgcc.a(_udivsi3.o)
 .debug_frame   0x00000c50       0x28 c:/program files (x86)/eclipse foundation/eclipse cdt/gnu tools arm embedded/8 2018-q4-major/bin/../lib/gcc/arm-none-eabi/8.2.1/../../../../arm-none-eabi/lib/thumb/v6-m/nofp\libg_nano.a(lib_a-exit.o)
 .debug_frame   0x00000c78       0x2c c:/program files (x86)/eclipse foundation/eclipse cdt/gnu tools arm embedded/8 2018-q4-major/bin/../lib/gcc/arm-none-eabi/8.2.1/../../../../arm-none-eabi/lib/thumb/v6-m/nofp\libg_nano.a(lib_a-init.o)
 .debug_frame   0x00000ca4       0x20 c:/program files (x86)/eclipse foundation/eclipse cdt/gnu tools arm embedded/8 2018-q4-major/bin/../lib/gcc/arm-none-eabi/8.2.1/../../../../arm-none-eabi/lib/thumb/v6-m/nofp\libg_nano.a(lib_a-memset.o)
